// Jest Snapshot v1, https://goo.gl/fbAQLP

exports[`renders correcly 1`] = `
<div>
  <div
    class="home-container"
  >
    <h1>
      Welcome to the space API
    </h1>
    <h2>
      Ready?
    </h2>
  </div>
</div>
`;
