// Jest Snapshot v1, https://goo.gl/fbAQLP

exports[`renders correcly 1`] = `
<div>
  <div
    class="not-found-container"
  >
    <h1
      class="text"
    >
      Sorry, this doesn't exist
    </h1>
    <img
      alt="not-found"
      src="notFound.svg"
    />
  </div>
</div>
`;
