// Jest Snapshot v1, https://goo.gl/fbAQLP

exports[`renders correcly 1`] = `
<div>
  <div
    class="input-container"
  >
    <label
      for="input"
    >
      Search
    </label>
    <input
      id="input"
      maxlength="100"
      value=""
    />
  </div>
  <div
    class="select-container"
  >
    <label
      for="type"
    >
      Type
    </label>
    <select
      id="type"
    >
      <option
        value="All"
      >
        All
      </option>
      <option
        value="SuperRocket"
      >
        SuperRocket
      </option>
      <option
        value="HiperRocket"
      >
        HiperRocket
      </option>
      <option
        value="ExtraRocket"
      >
        ExtraRocket
      </option>
    </select>
  </div>
  <div
    class="loading"
  >
    Loading...
  </div>
  <div
    class="list-container"
  >
    <div
      class="card"
    >
      <div
        class="row"
      >
        <div
          class="title-container"
        >
          <div>
            Rocky 1
          </div>
          <svg
            aria-hidden="true"
            class="MuiSvgIcon-root MuiSvgIcon-fontSizeMedium css-i4bv87-MuiSvgIcon-root"
            data-testid="RocketIcon"
            focusable="false"
            viewBox="0 0 24 24"
          >
            <path
              d="M12 2.5s4.5 2.04 4.5 10.5c0 2.49-1.04 5.57-1.6 7H9.1c-.56-1.43-1.6-4.51-1.6-7C7.5 4.54 12 2.5 12 2.5zm2 8.5c0-1.1-.9-2-2-2s-2 .9-2 2 .9 2 2 2 2-.9 2-2zm-6.31 9.52c-.48-1.23-1.52-4.17-1.67-6.87l-1.13.75c-.56.38-.89 1-.89 1.67V22l3.69-1.48zM20 22v-5.93c0-.67-.33-1.29-.89-1.66l-1.13-.75c-.15 2.69-1.2 5.64-1.67 6.87L20 22z"
            />
          </svg>
        </div>
        <div
          class="subtitle"
        >
          SuperRocket
        </div>
      </div>
      <div
        class="row"
      >
        <a
          href="/rockets/1"
        >
          <button
            name="detailsButton"
          >
            Details
          </button>
        </a>
      </div>
    </div>
    <div
      class="card"
    >
      <div
        class="row"
      >
        <div
          class="title-container"
        >
          <div>
            Rocket 2
          </div>
          <svg
            aria-hidden="true"
            class="MuiSvgIcon-root MuiSvgIcon-fontSizeMedium css-i4bv87-MuiSvgIcon-root"
            data-testid="RocketIcon"
            focusable="false"
            viewBox="0 0 24 24"
          >
            <path
              d="M12 2.5s4.5 2.04 4.5 10.5c0 2.49-1.04 5.57-1.6 7H9.1c-.56-1.43-1.6-4.51-1.6-7C7.5 4.54 12 2.5 12 2.5zm2 8.5c0-1.1-.9-2-2-2s-2 .9-2 2 .9 2 2 2 2-.9 2-2zm-6.31 9.52c-.48-1.23-1.52-4.17-1.67-6.87l-1.13.75c-.56.38-.89 1-.89 1.67V22l3.69-1.48zM20 22v-5.93c0-.67-.33-1.29-.89-1.66l-1.13-.75c-.15 2.69-1.2 5.64-1.67 6.87L20 22z"
            />
          </svg>
        </div>
        <div
          class="subtitle"
        >
          ExtraRocket
        </div>
      </div>
      <div
        class="row"
      >
        <a
          href="/rockets/2"
        >
          <button
            name="detailsButton"
          >
            Details
          </button>
        </a>
      </div>
    </div>
    <div
      class="card"
    >
      <div
        class="row"
      >
        <div
          class="title-container"
        >
          <div>
            Rocket 3
          </div>
          <svg
            aria-hidden="true"
            class="MuiSvgIcon-root MuiSvgIcon-fontSizeMedium css-i4bv87-MuiSvgIcon-root"
            data-testid="RocketIcon"
            focusable="false"
            viewBox="0 0 24 24"
          >
            <path
              d="M12 2.5s4.5 2.04 4.5 10.5c0 2.49-1.04 5.57-1.6 7H9.1c-.56-1.43-1.6-4.51-1.6-7C7.5 4.54 12 2.5 12 2.5zm2 8.5c0-1.1-.9-2-2-2s-2 .9-2 2 .9 2 2 2 2-.9 2-2zm-6.31 9.52c-.48-1.23-1.52-4.17-1.67-6.87l-1.13.75c-.56.38-.89 1-.89 1.67V22l3.69-1.48zM20 22v-5.93c0-.67-.33-1.29-.89-1.66l-1.13-.75c-.15 2.69-1.2 5.64-1.67 6.87L20 22z"
            />
          </svg>
        </div>
        <div
          class="subtitle"
        >
          SuperRocket
        </div>
      </div>
      <div
        class="row"
      >
        <a
          href="/rockets/3"
        >
          <button
            name="detailsButton"
          >
            Details
          </button>
        </a>
      </div>
    </div>
    <div
      class="card"
    >
      <div
        class="row"
      >
        <div
          class="title-container"
        >
          <div>
            Rocket 4
          </div>
          <svg
            aria-hidden="true"
            class="MuiSvgIcon-root MuiSvgIcon-fontSizeMedium css-i4bv87-MuiSvgIcon-root"
            data-testid="RocketIcon"
            focusable="false"
            viewBox="0 0 24 24"
          >
            <path
              d="M12 2.5s4.5 2.04 4.5 10.5c0 2.49-1.04 5.57-1.6 7H9.1c-.56-1.43-1.6-4.51-1.6-7C7.5 4.54 12 2.5 12 2.5zm2 8.5c0-1.1-.9-2-2-2s-2 .9-2 2 .9 2 2 2 2-.9 2-2zm-6.31 9.52c-.48-1.23-1.52-4.17-1.67-6.87l-1.13.75c-.56.38-.89 1-.89 1.67V22l3.69-1.48zM20 22v-5.93c0-.67-.33-1.29-.89-1.66l-1.13-.75c-.15 2.69-1.2 5.64-1.67 6.87L20 22z"
            />
          </svg>
        </div>
        <div
          class="subtitle"
        >
          HiperRocket
        </div>
      </div>
      <div
        class="row"
      >
        <a
          href="/rockets/4"
        >
          <button
            name="detailsButton"
          >
            Details
          </button>
        </a>
      </div>
    </div>
    <div
      class="card"
    >
      <div
        class="row"
      >
        <div
          class="title-container"
        >
          <div>
            Rocket 5
          </div>
          <svg
            aria-hidden="true"
            class="MuiSvgIcon-root MuiSvgIcon-fontSizeMedium css-i4bv87-MuiSvgIcon-root"
            data-testid="RocketIcon"
            focusable="false"
            viewBox="0 0 24 24"
          >
            <path
              d="M12 2.5s4.5 2.04 4.5 10.5c0 2.49-1.04 5.57-1.6 7H9.1c-.56-1.43-1.6-4.51-1.6-7C7.5 4.54 12 2.5 12 2.5zm2 8.5c0-1.1-.9-2-2-2s-2 .9-2 2 .9 2 2 2 2-.9 2-2zm-6.31 9.52c-.48-1.23-1.52-4.17-1.67-6.87l-1.13.75c-.56.38-.89 1-.89 1.67V22l3.69-1.48zM20 22v-5.93c0-.67-.33-1.29-.89-1.66l-1.13-.75c-.15 2.69-1.2 5.64-1.67 6.87L20 22z"
            />
          </svg>
        </div>
        <div
          class="subtitle"
        >
          SuperRocket
        </div>
      </div>
      <div
        class="row"
      >
        <a
          href="/rockets/5"
        >
          <button
            name="detailsButton"
          >
            Details
          </button>
        </a>
      </div>
    </div>
    <div
      class="pagination"
    >
      <div
        class="active"
        title="pageNumber"
      >
        1
      </div>
      <div
        class="page"
        title="pageNumber"
      >
        2
      </div>
    </div>
  </div>
</div>
`;
