// Jest Snapshot v1, https://goo.gl/fbAQLP

exports[`renders correcly 1`] = `
<div>
  <div
    class="pagination"
  >
    <div
      class="page"
      title="pageNumber"
    >
      1
    </div>
    <div
      class="active"
      title="pageNumber"
    >
      2
    </div>
    <div
      class="page"
      title="pageNumber"
    >
      3
    </div>
    <div
      class="page"
      title="pageNumber"
    >
      4
    </div>
    <div
      class="page"
      title="pageNumber"
    >
      5
    </div>
    <div
      class="page"
      title="pageNumber"
    >
      6
    </div>
    <div
      class="page"
      title="pageNumber"
    >
      7
    </div>
    <div
      class="page"
      title="pageNumber"
    >
      8
    </div>
    <div
      class="page"
      title="pageNumber"
    >
      9
    </div>
  </div>
</div>
`;
